// Jest Snapshot v1, https://goo.gl/fbAQLP

exports[`HeroImage should match the snapshot 1`] = `
<Fragment>
  <section
    className="HeroContent"
  >
    <div
      className="hero-image"
      style={
        Object {
          "backgroundImage": "url(https://image.tmdb.org/t/p/original/m67smI1IIMmYzCl9axvKNULVKLr.jpg)",
          "backgroundPosition": "center top",
          "backgroundRepeat": "no-repeat",
          "backgroundSize": "cover",
        }
      }
    />
    <div
      className="opacity-filter"
    />
    <div
      className="hero-movie-details"
    >
      <h2>
        Toy Story 4
      </h2>
      <p>
        Woody has always been confident about his place in the world and that his priority is taking care of his kid, whether that's Andy or Bonnie. But when Bonnie adds a reluctant new toy called "Forky" to her room, a road trip adventure alongside old and new friends will show Woody how big the world can be for a toy.
      </p>
      <button>
        Watch
      </button>
    </div>
    <div
      className="hero-movie-support"
    >
      <p
        className="rating"
        disabled={true}
      >
        G
      </p>
    </div>
  </section>
</Fragment>
`;
